// Jest Snapshot v1, https://goo.gl/fbAQLP

exports[`Testing the <GifExpertApp /> component. Should render the component correctly. 1`] = `
<Fragment>
  <h2>
    GifExpertApp
  </h2>
  <AddCategory
    setCategories={[Function]}
  />
  <hr />
  <ol />
</Fragment>
`;
