// Jest Snapshot v1, https://goo.gl/fbAQLP

exports[`Testing the <AddCategory /> component. Should render the component correctly. 1`] = `
<form
  onSubmit={[Function]}
>
  <input
    onChange={[Function]}
    type="text"
    value=""
  />
</form>
`;
